// Jest Snapshot v1, https://goo.gl/fbAQLP

exports[`Map Mep returns empty map with empty value 1`] = `
Map {
  "altered": false,
  "root": undefined,
  "size": 0,
}
`;

exports[`Map Mep returns new Map with value 1`] = `
Map {
  "altered": false,
  "root": ArrayMapNode {
    "entries": Array [
      Array [
        "test",
        "test",
      ],
    ],
  },
  "size": 1,
}
`;

exports[`Map createNewMap return Map if isArray 1`] = `
Map {
  "altered": false,
  "root": ArrayMapNode {
    "entries": Array [
      Array [
        "test",
        "test",
      ],
    ],
  },
  "size": 1,
}
`;

exports[`Map createNewMap returns Map if is Object 1`] = `
Map {
  "altered": false,
  "root": ArrayMapNode {
    "entries": Array [
      Array [
        "test",
        "test",
      ],
    ],
  },
  "size": 1,
}
`;
